<?xml version="1.0" encoding="utf-8"?>
<TestRun id="76a47839-2c18-4d53-9bf3-6451f25dbd38" name="seanm@UPSTAIRSMCCARTH 2026-09-21 17:40:34" runUser="UPSTAIRSMCCARTH\seanm" xmlns="http://microsoft.com/schemas/VisualStudio/TeamTest/2010">
  <Times creation="2026-09-21T17:40:34.9283191-04:00" queuing="2026-09-21T17:40:34.9283194-04:00" start="2026-09-21T17:40:01.6556448-04:00" finish="2026-09-21T17:41:49.1204160-04:00" />
  <TestSettings name="default" id="b0dee36e-7af2-42d7-aa10-1473316aa2d2">
    <Deployment runDeploymentRoot="seanm_UPSTAIRSMCCARTH_2026-09-21_17_40_34" />
  </TestSettings>
  <Results>
    <UnitTestResult executionId="78f19180-f473-4de9-a651-b2cd397427d1" testId="4291bb4e-275b-f236-da30-2345f3fa37d5" testName="AeroLink.Api.Tests.ProjectSetupPostgresQualificationTests.Picker_continuation_generated_sql_and_parameters_are_captured_for_plan_evidence" computerName="UPSTAIRSMCCARTH" duration="00:00:06.5107343" startTime="2026-09-21T17:40:43.7608386-04:00" endTime="2026-09-21T17:40:50.2714431-04:00" testType="13cdc9d9-ddb5-4fa4-a97d-d965ccfc6d4b" outcome="Failed" testListId="8c84fa94-04c1-424b-9868-57a2d4851a1d" relativeResultsDirectory="78f19180-f473-4de9-a651-b2cd397427d1">
      <Output>
        <ErrorInfo>
          <Message>Assert.Contains() Failure: Sub-string not found&#xD;
String:    "SELECT s."Id", s."CanonicalIdentity", s.""···&#xD;
Not found: "SW-01.50"</Message>
          <StackTrace>   at AeroLink.Api.Tests.ProjectSetupPostgresQualificationTests.&lt;&gt;c__DisplayClass23_0.&lt;&lt;Picker_continuation_generated_sql_and_parameters_are_captured_for_plan_evidence&gt;b__0&gt;d.MoveNext() in C:\Sean Project\RMT-1040-worktree\product\tests\AeroLink.Api.Tests\ProjectSetupPostgresQualificationTests.ReleasePickerSnapshot.cs:line 483&#xD;
--- End of stack trace from previous location ---&#xD;
   at AeroLink.Api.Tests.ProjectSetupPostgresQualificationTests.WithDatabaseAsync(Func`2 test) in C:\Sean Project\RMT-1040-worktree\product\tests\AeroLink.Api.Tests\ProjectSetupPostgresQualificationTests.cs:line 128&#xD;
   at AeroLink.Api.Tests.ProjectSetupPostgresQualificationTests.WithDatabaseAsync(Func`2 test) in C:\Sean Project\RMT-1040-worktree\product\tests\AeroLink.Api.Tests\ProjectSetupPostgresQualificationTests.cs:line 134&#xD;
   at AeroLink.Api.Tests.ProjectSetupPostgresQualificationTests.WithDatabaseAsync(Func`2 test) in C:\Sean Project\RMT-1040-worktree\product\tests\AeroLink.Api.Tests\ProjectSetupPostgresQualificationTests.cs:line 134&#xD;
   at AeroLink.Api.Tests.ProjectSetupPostgresQualificationTests.Picker_continuation_generated_sql_and_parameters_are_captured_for_plan_evidence() in C:\Sean Project\RMT-1040-worktree\product\tests\AeroLink.Api.Tests\ProjectSetupPostgresQualificationTests.ReleasePickerSnapshot.cs:line 452&#xD;
--- End of stack trace from previous location ---</StackTrace>
        </ErrorInfo>
      </Output>
    </UnitTestResult>
    <UnitTestResult executionId="166edd92-1600-4a85-8be5-4b1da808da0c" testId="d5a24a25-609d-cedc-7792-6eea4add1270" testName="AeroLink.Api.Tests.ProjectSetupPostgresQualificationTests.Fresh_project_services_and_deliberate_staffing_survive_host_restart_and_migration_reapplication" computerName="UPSTAIRSMCCARTH" duration="00:00:10.1470569" startTime="2026-09-21T17:41:22.8131624-04:00" endTime="2026-09-21T17:41:32.9588518-04:00" testType="13cdc9d9-ddb5-4fa4-a97d-d965ccfc6d4b" outcome="Passed" testListId="8c84fa94-04c1-424b-9868-57a2d4851a1d" relativeResultsDirectory="166edd92-1600-4a85-8be5-4b1da808da0c" />
    <UnitTestResult executionId="9b6e6a06-7dad-4f0d-8364-c14bf3385e07" testId="103b7d2f-aa3a-d91e-70e1-424a4c156c90" testName="AeroLink.Api.Tests.ProjectSetupPostgresQualificationTests.Picker_upgrade_preserves_legacy_rows_and_freezes_continuations" computerName="UPSTAIRSMCCARTH" duration="00:00:08.5983501" startTime="2026-09-21T17:41:40.3440755-04:00" endTime="2026-09-21T17:41:48.9401606-04:00" testType="13cdc9d9-ddb5-4fa4-a97d-d965ccfc6d4b" outcome="Passed" testListId="8c84fa94-04c1-424b-9868-57a2d4851a1d" relativeResultsDirectory="9b6e6a06-7dad-4f0d-8364-c14bf3385e07" />
    <UnitTestResult executionId="1c44c4f4-0b1a-480e-9180-05ab70cd999a" testId="ffa8ad68-0691-a2c6-4254-afecedc5de5e" testName="AeroLink.Api.Tests.ProjectSetupPostgresQualificationTests.Picker_database_guard_rejects_forbidden_membership_mutations" computerName="UPSTAIRSMCCARTH" duration="00:00:06.9313477" startTime="2026-09-21T17:41:15.8816462-04:00" endTime="2026-09-21T17:41:22.8112592-04:00" testType="13cdc9d9-ddb5-4fa4-a97d-d965ccfc6d4b" outcome="Passed" testListId="8c84fa94-04c1-424b-9868-57a2d4851a1d" relativeResultsDirectory="1c44c4f4-0b1a-480e-9180-05ab70cd999a" />
    <UnitTestResult executionId="8709ee13-d26f-41df-aae7-422357131b20" testId="0362b28f-aad6-3f82-eeff-fa1aaa73b514" testName="AeroLink.Api.Tests.ProjectSetupPostgresQualificationTests.Release_creation_and_legacy_import_acceptance_cannot_commit_equivalent_build_identities" computerName="UPSTAIRSMCCARTH" duration="00:00:08.8762665" startTime="2026-09-21T17:40:34.9102569-04:00" endTime="2026-09-21T17:40:43.7550139-04:00" testType="13cdc9d9-ddb5-4fa4-a97d-d965ccfc6d4b" outcome="Passed" testListId="8c84fa94-04c1-424b-9868-57a2d4851a1d" relativeResultsDirectory="8709ee13-d26f-41df-aae7-422357131b20" />
    <UnitTestResult executionId="3bcd498c-8ba7-4517-89b1-96fd1f14f09e" testId="9a6ba04f-8b3f-74a5-5f21-7c21a1b7df2e" testName="AeroLink.Api.Tests.ProjectSetupPostgresQualificationTests.Stale_snapshot_writers_cannot_enter_frozen_release_continuations" computerName="UPSTAIRSMCCARTH" duration="00:00:12.7409864" startTime="2026-09-21T17:40:56.2004712-04:00" endTime="2026-09-21T17:41:08.9391894-04:00" testType="13cdc9d9-ddb5-4fa4-a97d-d965ccfc6d4b" outcome="Passed" testListId="8c84fa94-04c1-424b-9868-57a2d4851a1d" relativeResultsDirectory="3bcd498c-8ba7-4517-89b1-96fd1f14f09e" />
    <UnitTestResult executionId="91f4bcce-ca69-4a7b-a85c-8d2ef5958cdd" testId="1a67eaf6-1b6a-8ee5-1636-3826934d21be" testName="AeroLink.Api.Tests.ProjectSetupPostgresQualificationTests.Repository_edit_waits_for_verified_evidence_commit_and_cannot_rewrite_its_identity" computerName="UPSTAIRSMCCARTH" duration="00:00:31.9790805" startTime="2026-09-21T17:40:02.9124048-04:00" endTime="2026-09-21T17:40:34.8762387-04:00" testType="13cdc9d9-ddb5-4fa4-a97d-d965ccfc6d4b" outcome="Passed" testListId="8c84fa94-04c1-424b-9868-57a2d4851a1d" relativeResultsDirectory="91f4bcce-ca69-4a7b-a85c-8d2ef5958cdd" />
    <UnitTestResult executionId="5ad339d9-62cc-4902-9287-ebebd893873f" testId="c9f00029-307f-49bb-d048-3b81afda10dd" testName="AeroLink.Api.Tests.ProjectSetupPostgresQualificationTests.Page_one_fence_waits_for_uncommitted_allocator_then_includes_the_committed_build" computerName="UPSTAIRSMCCARTH" duration="00:00:06.9398577" startTime="2026-09-21T17:41:08.9411060-04:00" endTime="2026-09-21T17:41:15.8794994-04:00" testType="13cdc9d9-ddb5-4fa4-a97d-d965ccfc6d4b" outcome="Passed" testListId="8c84fa94-04c1-424b-9868-57a2d4851a1d" relativeResultsDirectory="5ad339d9-62cc-4902-9287-ebebd893873f" />
    <UnitTestResult executionId="3fd916c6-b5cc-4786-b355-931809ae4160" testId="c9148862-a59b-4d98-91b4-b651caa2eb6d" testName="AeroLink.Api.Tests.ProjectSetupPostgresQualificationTests.Discard_cannot_win_against_a_finalization_that_already_claimed_the_setup" computerName="UPSTAIRSMCCARTH" duration="00:00:05.9266247" startTime="2026-09-21T17:40:50.2811667-04:00" endTime="2026-09-21T17:40:56.1977853-04:00" testType="13cdc9d9-ddb5-4fa4-a97d-d965ccfc6d4b" outcome="Passed" testListId="8c84fa94-04c1-424b-9868-57a2d4851a1d" relativeResultsDirectory="3fd916c6-b5cc-4786-b355-931809ae4160" />
    <UnitTestResult executionId="6c84e3f7-054c-4c06-b8ed-a5fb4e216839" testId="408b3222-2c02-8596-e306-7561bfb3108b" testName="AeroLink.Api.Tests.ProjectSetupPostgresQualificationTests.Cancelled_page_one_releases_the_fence_without_stuck_writers" computerName="UPSTAIRSMCCARTH" duration="00:00:07.3820621" startTime="2026-09-21T17:41:32.9628367-04:00" endTime="2026-09-21T17:41:40.3415172-04:00" testType="13cdc9d9-ddb5-4fa4-a97d-d965ccfc6d4b" outcome="Passed" testListId="8c84fa94-04c1-424b-9868-57a2d4851a1d" relativeResultsDirectory="6c84e3f7-054c-4c06-b8ed-a5fb4e216839" />
  </Results>
  <TestDefinitions>
    <UnitTest name="AeroLink.Api.Tests.ProjectSetupPostgresQualificationTests.Picker_upgrade_preserves_legacy_rows_and_freezes_continuations" storage="c:\sean project\rmt-1040-worktree\product\tests\aerolink.api.tests\bin\release\net10.0\aerolink.api.tests.dll" id="103b7d2f-aa3a-d91e-70e1-424a4c156c90">
      <Execution id="9b6e6a06-7dad-4f0d-8364-c14bf3385e07" />
      <TestMethod codeBase="C:\Sean Project\RMT-1040-worktree\product\tests\AeroLink.Api.Tests\bin\Release\net10.0\AeroLink.Api.Tests.dll" adapterTypeName="executor://xunit/VsTestRunner3/netcore/" className="AeroLink.Api.Tests.ProjectSetupPostgresQualificationTests" name="Picker_upgrade_preserves_legacy_rows_and_freezes_continuations" />
    </UnitTest>
    <UnitTest name="AeroLink.Api.Tests.ProjectSetupPostgresQualificationTests.Discard_cannot_win_against_a_finalization_that_already_claimed_the_setup" storage="c:\sean project\rmt-1040-worktree\product\tests\aerolink.api.tests\bin\release\net10.0\aerolink.api.tests.dll" id="c9148862-a59b-4d98-91b4-b651caa2eb6d">
      <Execution id="3fd916c6-b5cc-4786-b355-931809ae4160" />
      <TestMethod codeBase="C:\Sean Project\RMT-1040-worktree\product\tests\AeroLink.Api.Tests\bin\Release\net10.0\AeroLink.Api.Tests.dll" adapterTypeName="executor://xunit/VsTestRunner3/netcore/" className="AeroLink.Api.Tests.ProjectSetupPostgresQualificationTests" name="Discard_cannot_win_against_a_finalization_that_already_claimed_the_setup" />
    </UnitTest>
    <UnitTest name="AeroLink.Api.Tests.ProjectSetupPostgresQualificationTests.Cancelled_page_one_releases_the_fence_without_stuck_writers" storage="c:\sean project\rmt-1040-worktree\product\tests\aerolink.api.tests\bin\release\net10.0\aerolink.api.tests.dll" id="408b3222-2c02-8596-e306-7561bfb3108b">
      <Execution id="6c84e3f7-054c-4c06-b8ed-a5fb4e216839" />
      <TestMethod codeBase="C:\Sean Project\RMT-1040-worktree\product\tests\AeroLink.Api.Tests\bin\Release\net10.0\AeroLink.Api.Tests.dll" adapterTypeName="executor://xunit/VsTestRunner3/netcore/" className="AeroLink.Api.Tests.ProjectSetupPostgresQualificationTests" name="Cancelled_page_one_releases_the_fence_without_stuck_writers" />
    </UnitTest>
    <UnitTest name="AeroLink.Api.Tests.ProjectSetupPostgresQualificationTests.Repository_edit_waits_for_verified_evidence_commit_and_cannot_rewrite_its_identity" storage="c:\sean project\rmt-1040-worktree\product\tests\aerolink.api.tests\bin\release\net10.0\aerolink.api.tests.dll" id="1a67eaf6-1b6a-8ee5-1636-3826934d21be">
      <Execution id="91f4bcce-ca69-4a7b-a85c-8d2ef5958cdd" />
      <TestMethod codeBase="C:\Sean Project\RMT-1040-worktree\product\tests\AeroLink.Api.Tests\bin\Release\net10.0\AeroLink.Api.Tests.dll" adapterTypeName="executor://xunit/VsTestRunner3/netcore/" className="AeroLink.Api.Tests.ProjectSetupPostgresQualificationTests" name="Repository_edit_waits_for_verified_evidence_commit_and_cannot_rewrite_its_identity" />
    </UnitTest>
    <UnitTest name="AeroLink.Api.Tests.ProjectSetupPostgresQualificationTests.Fresh_project_services_and_deliberate_staffing_survive_host_restart_and_migration_reapplication" storage="c:\sean project\rmt-1040-worktree\product\tests\aerolink.api.tests\bin\release\net10.0\aerolink.api.tests.dll" id="d5a24a25-609d-cedc-7792-6eea4add1270">
      <Execution id="166edd92-1600-4a85-8be5-4b1da808da0c" />
      <TestMethod codeBase="C:\Sean Project\RMT-1040-worktree\product\tests\AeroLink.Api.Tests\bin\Release\net10.0\AeroLink.Api.Tests.dll" adapterTypeName="executor://xunit/VsTestRunner3/netcore/" className="AeroLink.Api.Tests.ProjectSetupPostgresQualificationTests" name="Fresh_project_services_and_deliberate_staffing_survive_host_restart_and_migration_reapplication" />
    </UnitTest>
    <UnitTest name="AeroLink.Api.Tests.ProjectSetupPostgresQualificationTests.Picker_database_guard_rejects_forbidden_membership_mutations" storage="c:\sean project\rmt-1040-worktree\product\tests\aerolink.api.tests\bin\release\net10.0\aerolink.api.tests.dll" id="ffa8ad68-0691-a2c6-4254-afecedc5de5e">
      <Execution id="1c44c4f4-0b1a-480e-9180-05ab70cd999a" />
      <TestMethod codeBase="C:\Sean Project\RMT-1040-worktree\product\tests\AeroLink.Api.Tests\bin\Release\net10.0\AeroLink.Api.Tests.dll" adapterTypeName="executor://xunit/VsTestRunner3/netcore/" className="AeroLink.Api.Tests.ProjectSetupPostgresQualificationTests" name="Picker_database_guard_rejects_forbidden_membership_mutations" />
    </UnitTest>
    <UnitTest name="AeroLink.Api.Tests.ProjectSetupPostgresQualificationTests.Page_one_fence_waits_for_uncommitted_allocator_then_includes_the_committed_build" storage="c:\sean project\rmt-1040-worktree\product\tests\aerolink.api.tests\bin\release\net10.0\aerolink.api.tests.dll" id="c9f00029-307f-49bb-d048-3b81afda10dd">
      <Execution id="5ad339d9-62cc-4902-9287-ebebd893873f" />
      <TestMethod codeBase="C:\Sean Project\RMT-1040-worktree\product\tests\AeroLink.Api.Tests\bin\Release\net10.0\AeroLink.Api.Tests.dll" adapterTypeName="executor://xunit/VsTestRunner3/netcore/" className="AeroLink.Api.Tests.ProjectSetupPostgresQualificationTests" name="Page_one_fence_waits_for_uncommitted_allocator_then_includes_the_committed_build" />
    </UnitTest>
    <UnitTest name="AeroLink.Api.Tests.ProjectSetupPostgresQualificationTests.Stale_snapshot_writers_cannot_enter_frozen_release_continuations" storage="c:\sean project\rmt-1040-worktree\product\tests\aerolink.api.tests\bin\release\net10.0\aerolink.api.tests.dll" id="9a6ba04f-8b3f-74a5-5f21-7c21a1b7df2e">
      <Execution id="3bcd498c-8ba7-4517-89b1-96fd1f14f09e" />
      <TestMethod codeBase="C:\Sean Project\RMT-1040-worktree\product\tests\AeroLink.Api.Tests\bin\Release\net10.0\AeroLink.Api.Tests.dll" adapterTypeName="executor://xunit/VsTestRunner3/netcore/" className="AeroLink.Api.Tests.ProjectSetupPostgresQualificationTests" name="Stale_snapshot_writers_cannot_enter_frozen_release_continuations" />
    </UnitTest>
    <UnitTest name="AeroLink.Api.Tests.ProjectSetupPostgresQualificationTests.Picker_continuation_generated_sql_and_parameters_are_captured_for_plan_evidence" storage="c:\sean project\rmt-1040-worktree\product\tests\aerolink.api.tests\bin\release\net10.0\aerolink.api.tests.dll" id="4291bb4e-275b-f236-da30-2345f3fa37d5">
      <Execution id="78f19180-f473-4de9-a651-b2cd397427d1" />
      <TestMethod codeBase="C:\Sean Project\RMT-1040-worktree\product\tests\AeroLink.Api.Tests\bin\Release\net10.0\AeroLink.Api.Tests.dll" adapterTypeName="executor://xunit/VsTestRunner3/netcore/" className="AeroLink.Api.Tests.ProjectSetupPostgresQualificationTests" name="Picker_continuation_generated_sql_and_parameters_are_captured_for_plan_evidence" />
    </UnitTest>
    <UnitTest name="AeroLink.Api.Tests.ProjectSetupPostgresQualificationTests.Release_creation_and_legacy_import_acceptance_cannot_commit_equivalent_build_identities" storage="c:\sean project\rmt-1040-worktree\product\tests\aerolink.api.tests\bin\release\net10.0\aerolink.api.tests.dll" id="0362b28f-aad6-3f82-eeff-fa1aaa73b514">
      <Execution id="8709ee13-d26f-41df-aae7-422357131b20" />
      <TestMethod codeBase="C:\Sean Project\RMT-1040-worktree\product\tests\AeroLink.Api.Tests\bin\Release\net10.0\AeroLink.Api.Tests.dll" adapterTypeName="executor://xunit/VsTestRunner3/netcore/" className="AeroLink.Api.Tests.ProjectSetupPostgresQualificationTests" name="Release_creation_and_legacy_import_acceptance_cannot_commit_equivalent_build_identities" />
    </UnitTest>
  </TestDefinitions>
  <TestEntries>
    <TestEntry testId="4291bb4e-275b-f236-da30-2345f3fa37d5" executionId="78f19180-f473-4de9-a651-b2cd397427d1" testListId="8c84fa94-04c1-424b-9868-57a2d4851a1d" />
    <TestEntry testId="d5a24a25-609d-cedc-7792-6eea4add1270" executionId="166edd92-1600-4a85-8be5-4b1da808da0c" testListId="8c84fa94-04c1-424b-9868-57a2d4851a1d" />
    <TestEntry testId="103b7d2f-aa3a-d91e-70e1-424a4c156c90" executionId="9b6e6a06-7dad-4f0d-8364-c14bf3385e07" testListId="8c84fa94-04c1-424b-9868-57a2d4851a1d" />
    <TestEntry testId="ffa8ad68-0691-a2c6-4254-afecedc5de5e" executionId="1c44c4f4-0b1a-480e-9180-05ab70cd999a" testListId="8c84fa94-04c1-424b-9868-57a2d4851a1d" />
    <TestEntry testId="0362b28f-aad6-3f82-eeff-fa1aaa73b514" executionId="8709ee13-d26f-41df-aae7-422357131b20" testListId="8c84fa94-04c1-424b-9868-57a2d4851a1d" />
    <TestEntry testId="9a6ba04f-8b3f-74a5-5f21-7c21a1b7df2e" executionId="3bcd498c-8ba7-4517-89b1-96fd1f14f09e" testListId="8c84fa94-04c1-424b-9868-57a2d4851a1d" />
    <TestEntry testId="1a67eaf6-1b6a-8ee5-1636-3826934d21be" executionId="91f4bcce-ca69-4a7b-a85c-8d2ef5958cdd" testListId="8c84fa94-04c1-424b-9868-57a2d4851a1d" />
    <TestEntry testId="c9f00029-307f-49bb-d048-3b81afda10dd" executionId="5ad339d9-62cc-4902-9287-ebebd893873f" testListId="8c84fa94-04c1-424b-9868-57a2d4851a1d" />
    <TestEntry testId="c9148862-a59b-4d98-91b4-b651caa2eb6d" executionId="3fd916c6-b5cc-4786-b355-931809ae4160" testListId="8c84fa94-04c1-424b-9868-57a2d4851a1d" />
    <TestEntry testId="408b3222-2c02-8596-e306-7561bfb3108b" executionId="6c84e3f7-054c-4c06-b8ed-a5fb4e216839" testListId="8c84fa94-04c1-424b-9868-57a2d4851a1d" />
  </TestEntries>
  <TestLists>
    <TestList name="Results Not in a List" id="8c84fa94-04c1-424b-9868-57a2d4851a1d" />
    <TestList name="All Loaded Results" id="19431567-8539-422a-85d7-44ee4e166bda" />
  </TestLists>
  <ResultSummary outcome="Failed">
    <Counters total="10" executed="10" passed="9" failed="1" error="0" timeout="0" aborted="0" inconclusive="0" passedButRunAborted="0" notRunnable="0" notExecuted="0" disconnected="0" warning="0" completed="0" inProgress="0" pending="0" />
    <Output>
      <StdOut>[xUnit.net 00:00:00.00] xUnit.net VSTest Adapter v3.1.4+50e68bbb8b (64-bit .NET 10.0.9)&#xD;
[xUnit.net 00:00:00.45]   Discovering: AeroLink.Api.Tests&#xD;
[xUnit.net 00:00:00.56]   Discovered:  AeroLink.Api.Tests&#xD;
[xUnit.net 00:00:00.58]   Starting:    AeroLink.Api.Tests&#xD;
warn: Microsoft.EntityFrameworkCore.Query[20504]&#xD;
      Compiling a query which loads related collections for more than one collection navigation, either via 'Include' or through projection, but no 'QuerySplittingBehavior' has been configured. By default, Entity Framework will use 'QuerySplittingBehavior.SingleQuery', which can potentially result in slow query performance. See https://go.microsoft.com/fwlink/?linkid=2134277 for more information. To identify the query that's triggering this warning call 'ConfigureWarnings(w =&gt; w.Throw(RelationalEventId.MultipleCollectionIncludeWarning))'.&#xD;
warn: Microsoft.EntityFrameworkCore.Query[20504]&#xD;
      Compiling a query which loads related collections for more than one collection navigation, either via 'Include' or through projection, but no 'QuerySplittingBehavior' has been configured. By default, Entity Framework will use 'QuerySplittingBehavior.SingleQuery', which can potentially result in slow query performance. See https://go.microsoft.com/fwlink/?linkid=2134277 for more information. To identify the query that's triggering this warning call 'ConfigureWarnings(w =&gt; w.Throw(RelationalEventId.MultipleCollectionIncludeWarning))'.&#xD;
warn: Microsoft.EntityFrameworkCore.Query[20504]&#xD;
      Compiling a query which loads related collections for more than one collection navigation, either via 'Include' or through projection, but no 'QuerySplittingBehavior' has been configured. By default, Entity Framework will use 'QuerySplittingBehavior.SingleQuery', which can potentially result in slow query performance. See https://go.microsoft.com/fwlink/?linkid=2134277 for more information. To identify the query that's triggering this warning call 'ConfigureWarnings(w =&gt; w.Throw(RelationalEventId.MultipleCollectionIncludeWarning))'.&#xD;
warn: Microsoft.EntityFrameworkCore.Query[20504]&#xD;
      Compiling a query which loads related collections for more than one collection navigation, either via 'Include' or through projection, but no 'QuerySplittingBehavior' has been configured. By default, Entity Framework will use 'QuerySplittingBehavior.SingleQuery', which can potentially result in slow query performance. See https://go.microsoft.com/fwlink/?linkid=2134277 for more information. To identify the query that's triggering this warning call 'ConfigureWarnings(w =&gt; w.Throw(RelationalEventId.MultipleCollectionIncludeWarning))'.&#xD;
warn: Microsoft.EntityFrameworkCore.Query[20504]&#xD;
      Compiling a query which loads related collections for more than one collection navigation, either via 'Include' or through projection, but no 'QuerySplittingBehavior' has been configured. By default, Entity Framework will use 'QuerySplittingBehavior.SingleQuery', which can potentially result in slow query performance. See https://go.microsoft.com/fwlink/?linkid=2134277 for more information. To identify the query that's triggering this warning call 'ConfigureWarnings(w =&gt; w.Throw(RelationalEventId.MultipleCollectionIncludeWarning))'.&#xD;
warn: Microsoft.EntityFrameworkCore.Query[20504]&#xD;
      Compiling a query which loads related collections for more than one collection navigation, either via 'Include' or through projection, but no 'QuerySplittingBehavior' has been configured. By default, Entity Framework will use 'QuerySplittingBehavior.SingleQuery', which can potentially result in slow query performance. See https://go.microsoft.com/fwlink/?linkid=2134277 for more information. To identify the query that's triggering this warning call 'ConfigureWarnings(w =&gt; w.Throw(RelationalEventId.MultipleCollectionIncludeWarning))'.&#xD;
fail: Microsoft.EntityFrameworkCore.Database.Command[20102]&#xD;
      Failed executing DbCommand (45ms) [Parameters=[@p0='?' (DbType = Guid), @p1='?', @p2='?', @p3='?', @p4='?', @p5='?' (DbType = DateTime), @p6='?', @p7='?', @p8='?' (DbType = Guid), @p9='?', @p10='?' (DbType = Boolean), @p11='?' (DbType = Guid), @p12='?' (DbType = Guid), @p13='?' (DbType = DateTime), @p14='?'], CommandType='Text', CommandTimeout='30']&#xD;
      INSERT INTO security_audit_events ("Id", "ActorId", "Detail", "EventType", "IpAddress", "OccurredAt", "Outcome", "Target")&#xD;
      VALUES (@p0, @p1, @p2, @p3, @p4, @p5, @p6, @p7);&#xD;
      INSERT INTO software_releases ("Id", "CanonicalIdentity", "IsReleased", "PredecessorReleaseId", "ProjectId", "ReleasedAt", "Version")&#xD;
      VALUES (@p8, @p9, @p10, @p11, @p12, @p13, @p14)&#xD;
      RETURNING "PickerInsertionOrdinal";&#xD;
fail: Microsoft.EntityFrameworkCore.Update[10000]&#xD;
      An exception occurred in the database while saving changes for context type 'AeroLink.Infrastructure.Persistence.AeroLinkDbContext'.&#xD;
      Microsoft.EntityFrameworkCore.DbUpdateException: An error occurred while saving the entity changes. See the inner exception for details.&#xD;
       ---&gt; Npgsql.PostgresException (0x80004005): 23505: duplicate key value violates unique constraint "IX_software_releases_ProjectId_CanonicalIdentity"&#xD;
      DETAIL: Detail redacted as it may contain sensitive data. Specify 'Include Error Detail' in the connection string to include this information.&#xD;
         at Npgsql.Internal.NpgsqlConnector.ReadMessageLong(Boolean async, DataRowLoadingMode dataRowLoadingMode, Boolean readingNotifications, Boolean isReadingPrependedMessage)&#xD;
         at System.Runtime.CompilerServices.PoolingAsyncValueTaskMethodBuilder`1.StateMachineBox`1.System.Threading.Tasks.Sources.IValueTaskSource&lt;TResult&gt;.GetResult(Int16 token)&#xD;
         at Npgsql.NpgsqlDataReader.NextResult(Boolean async, Boolean isConsuming, CancellationToken cancellationToken)&#xD;
         at Npgsql.NpgsqlDataReader.NextResult(Boolean async, Boolean isConsuming, CancellationToken cancellationToken)&#xD;
         at Npgsql.NpgsqlCommand.ExecuteReader(Boolean async, CommandBehavior behavior, CancellationToken cancellationToken)&#xD;
         at Npgsql.NpgsqlCommand.ExecuteReader(Boolean async, CommandBehavior behavior, CancellationToken cancellationToken)&#xD;
         at Npgsql.NpgsqlCommand.ExecuteDbDataReaderAsync(CommandBehavior behavior, CancellationToken cancellationToken)&#xD;
         at Microsoft.EntityFrameworkCore.Storage.RelationalCommand.ExecuteReaderAsync(RelationalCommandParameterObject parameterObject, CancellationToken cancellationToken)&#xD;
         at Microsoft.EntityFrameworkCore.Storage.RelationalCommand.ExecuteReaderAsync(RelationalCommandParameterObject parameterObject, CancellationToken cancellationToken)&#xD;
         at Microsoft.EntityFrameworkCore.Update.ReaderModificationCommandBatch.ExecuteAsync(IRelationalConnection connection, CancellationToken cancellationToken)&#xD;
        Exception data:&#xD;
          Severity: ERROR&#xD;
          SqlState: 23505&#xD;
          MessageText: duplicate key value violates unique constraint "IX_software_releases_ProjectId_CanonicalIdentity"&#xD;
          Detail: Detail redacted as it may contain sensitive data. Specify 'Include Error Detail' in the connection string to include this information.&#xD;
          SchemaName: public&#xD;
          TableName: software_releases&#xD;
          ConstraintName: IX_software_releases_ProjectId_CanonicalIdentity&#xD;
          File: nbtinsert.c&#xD;
          Line: 666&#xD;
          Routine: _bt_check_unique&#xD;
         --- End of inner exception stack trace ---&#xD;
         at Microsoft.EntityFrameworkCore.Update.ReaderModificationCommandBatch.ExecuteAsync(IRelationalConnection connection, CancellationToken cancellationToken)&#xD;
         at Microsoft.EntityFrameworkCore.Update.Internal.BatchExecutor.ExecuteAsync(IEnumerable`1 commandBatches, IRelationalConnection connection, CancellationToken cancellationToken)&#xD;
         at Microsoft.EntityFrameworkCore.Update.Internal.BatchExecutor.ExecuteAsync(IEnumerable`1 commandBatches, IRelationalConnection connection, CancellationToken cancellationToken)&#xD;
         at Microsoft.EntityFrameworkCore.Update.Internal.BatchExecutor.ExecuteAsync(IEnumerable`1 commandBatches, IRelationalConnection connection, CancellationToken cancellationToken)&#xD;
         at Microsoft.EntityFrameworkCore.Storage.RelationalDatabase.SaveChangesAsync(IList`1 entries, CancellationToken cancellationToken)&#xD;
         at Microsoft.EntityFrameworkCore.ChangeTracking.Internal.StateManager.SaveChangesAsync(IList`1 entriesToSave, CancellationToken cancellationToken)&#xD;
         at Microsoft.EntityFrameworkCore.ChangeTracking.Internal.StateManager.SaveChangesAsync(StateManager stateManager, Boolean acceptAllChangesOnSuccess, CancellationToken cancellationToken)&#xD;
         at Npgsql.EntityFrameworkCore.PostgreSQL.Storage.Internal.NpgsqlExecutionStrategy.ExecuteAsync[TState,TResult](TState state, Func`4 operation, Func`4 verifySucceeded, CancellationToken cancellationToken)&#xD;
         at Microsoft.EntityFrameworkCore.DbContext.SaveChangesAsync(Boolean acceptAllChangesOnSuccess, CancellationToken cancellationToken)&#xD;
      Microsoft.EntityFrameworkCore.DbUpdateException: An error occurred while saving the entity changes. See the inner exception for details.&#xD;
       ---&gt; Npgsql.PostgresException (0x80004005): 23505: duplicate key value violates unique constraint "IX_software_releases_ProjectId_CanonicalIdentity"&#xD;
      DETAIL: Detail redacted as it may contain sensitive data. Specify 'Include Error Detail' in the connection string to include this information.&#xD;
         at Npgsql.Internal.NpgsqlConnector.ReadMessageLong(Boolean async, DataRowLoadingMode dataRowLoadingMode, Boolean readingNotifications, Boolean isReadingPrependedMessage)&#xD;
         at System.Runtime.CompilerServices.PoolingAsyncValueTaskMethodBuilder`1.StateMachineBox`1.System.Threading.Tasks.Sources.IValueTaskSource&lt;TResult&gt;.GetResult(Int16 token)&#xD;
         at Npgsql.NpgsqlDataReader.NextResult(Boolean async, Boolean isConsuming, CancellationToken cancellationToken)&#xD;
         at Npgsql.NpgsqlDataReader.NextResult(Boolean async, Boolean isConsuming, CancellationToken cancellationToken)&#xD;
         at Npgsql.NpgsqlCommand.ExecuteReader(Boolean async, CommandBehavior behavior, CancellationToken cancellationToken)&#xD;
         at Npgsql.NpgsqlCommand.ExecuteReader(Boolean async, CommandBehavior behavior, CancellationToken cancellationToken)&#xD;
         at Npgsql.NpgsqlCommand.ExecuteDbDataReaderAsync(CommandBehavior behavior, CancellationToken cancellationToken)&#xD;
         at Microsoft.EntityFrameworkCore.Storage.RelationalCommand.ExecuteReaderAsync(RelationalCommandParameterObject parameterObject, CancellationToken cancellationToken)&#xD;
         at Microsoft.EntityFrameworkCore.Storage.RelationalCommand.ExecuteReaderAsync(RelationalCommandParameterObject parameterObject, CancellationToken cancellationToken)&#xD;
         at Microsoft.EntityFrameworkCore.Update.ReaderModificationCommandBatch.ExecuteAsync(IRelationalConnection connection, CancellationToken cancellationToken)&#xD;
        Exception data:&#xD;
          Severity: ERROR&#xD;
          SqlState: 23505&#xD;
          MessageText: duplicate key value violates unique constraint "IX_software_releases_ProjectId_CanonicalIdentity"&#xD;
          Detail: Detail redacted as it may contain sensitive data. Specify 'Include Error Detail' in the connection string to include this information.&#xD;
          SchemaName: public&#xD;
          TableName: software_releases&#xD;
          ConstraintName: IX_software_releases_ProjectId_CanonicalIdentity&#xD;
          File: nbtinsert.c&#xD;
          Line: 666&#xD;
          Routine: _bt_check_unique&#xD;
         --- End of inner exception stack trace ---&#xD;
         at Microsoft.EntityFrameworkCore.Update.ReaderModificationCommandBatch.ExecuteAsync(IRelationalConnection connection, CancellationToken cancellationToken)&#xD;
         at Microsoft.EntityFrameworkCore.Update.Internal.BatchExecutor.ExecuteAsync(IEnumerable`1 commandBatches, IRelationalConnection connection, CancellationToken cancellationToken)&#xD;
         at Microsoft.EntityFrameworkCore.Update.Internal.BatchExecutor.ExecuteAsync(IEnumerable`1 commandBatches, IRelationalConnection connection, CancellationToken cancellationToken)&#xD;
         at Microsoft.EntityFrameworkCore.Update.Internal.BatchExecutor.ExecuteAsync(IEnumerable`1 commandBatches, IRelationalConnection connection, CancellationToken cancellationToken)&#xD;
         at Microsoft.EntityFrameworkCore.Storage.RelationalDatabase.SaveChangesAsync(IList`1 entries, CancellationToken cancellationToken)&#xD;
         at Microsoft.EntityFrameworkCore.ChangeTracking.Internal.StateManager.SaveChangesAsync(IList`1 entriesToSave, CancellationToken cancellationToken)&#xD;
         at Microsoft.EntityFrameworkCore.ChangeTracking.Internal.StateManager.SaveChangesAsync(StateManager stateManager, Boolean acceptAllChangesOnSuccess, CancellationToken cancellationToken)&#xD;
         at Npgsql.EntityFrameworkCore.PostgreSQL.Storage.Internal.NpgsqlExecutionStrategy.ExecuteAsync[TState,TResult](TState state, Func`4 operation, Func`4 verifySucceeded, CancellationToken cancellationToken)&#xD;
         at Microsoft.EntityFrameworkCore.DbContext.SaveChangesAsync(Boolean acceptAllChangesOnSuccess, CancellationToken cancellationToken)&#xD;
[xUnit.net 00:00:47.98]       Assert.Contains() Failure: Sub-string not found&#xD;
[xUnit.net 00:00:47.98]       String:    "SELECT s."Id", s."CanonicalIdentity", s.""···&#xD;
[xUnit.net 00:00:47.98]       Not found: "SW-01.50"&#xD;
[xUnit.net 00:00:47.99]       Stack Trace:&#xD;
[xUnit.net 00:00:47.99]         C:\Sean Project\RMT-1040-worktree\product\tests\AeroLink.Api.Tests\ProjectSetupPostgresQualificationTests.ReleasePickerSnapshot.cs(483,0): at AeroLink.Api.Tests.ProjectSetupPostgresQualificationTests.&lt;&gt;c__DisplayClass23_0.&lt;&lt;Picker_continuation_generated_sql_and_parameters_are_captured_for_plan_evidence&gt;b__0&gt;d.MoveNext()&#xD;
[xUnit.net 00:00:47.99]         --- End of stack trace from previous location ---&#xD;
[xUnit.net 00:00:47.99]         C:\Sean Project\RMT-1040-worktree\product\tests\AeroLink.Api.Tests\ProjectSetupPostgresQualificationTests.cs(128,0): at AeroLink.Api.Tests.ProjectSetupPostgresQualificationTests.WithDatabaseAsync(Func`2 test)&#xD;
[xUnit.net 00:00:47.99]         C:\Sean Project\RMT-1040-worktree\product\tests\AeroLink.Api.Tests\ProjectSetupPostgresQualificationTests.cs(134,0): at AeroLink.Api.Tests.ProjectSetupPostgresQualificationTests.WithDatabaseAsync(Func`2 test)&#xD;
[xUnit.net 00:00:47.99]         C:\Sean Project\RMT-1040-worktree\product\tests\AeroLink.Api.Tests\ProjectSetupPostgresQualificationTests.cs(134,0): at AeroLink.Api.Tests.ProjectSetupPostgresQualificationTests.WithDatabaseAsync(Func`2 test)&#xD;
[xUnit.net 00:00:47.99]         C:\Sean Project\RMT-1040-worktree\product\tests\AeroLink.Api.Tests\ProjectSetupPostgresQualificationTests.ReleasePickerSnapshot.cs(452,0): at AeroLink.Api.Tests.ProjectSetupPostgresQualificationTests.Picker_continuation_generated_sql_and_parameters_are_captured_for_plan_evidence()&#xD;
[xUnit.net 00:00:47.99]         --- End of stack trace from previous location ---&#xD;
PICKER_FENCE_WAIT: pid=1977 waitEventType=Lock query=SELECT pg_advisory_xact_lock(hashtext('aerolink-release-picker:' || $1))&#xD;
PICKER_FENCE_WAIT: pid=1986 waitEventType=Lock query=SELECT pg_advisory_xact_lock(hashtext('aerolink-release-picker:' || $1))&#xD;
[xUnit.net 00:01:46.66]   Finished:    AeroLink.Api.Tests&#xD;
</StdOut>
    </Output>
    <RunInfos>
      <RunInfo computerName="UPSTAIRSMCCARTH" outcome="Error" timestamp="2026-09-21T17:40:50.2753269-04:00">
        <Text>[xUnit.net 00:00:47.98]     AeroLink.Api.Tests.ProjectSetupPostgresQualificationTests.Picker_continuation_generated_sql_and_parameters_are_captured_for_plan_evidence [FAIL]</Text>
      </RunInfo>
      <RunInfo computerName="UPSTAIRSMCCARTH" outcome="Warning" timestamp="2026-09-21T17:41:49.0662026-04:00">
        <Text>Data collector 'Blame' message: All tests finished running, Sequence file will not be generated.</Text>
      </RunInfo>
    </RunInfos>
  </ResultSummary>
</TestRun>