  Determining projects to restore...
  All projects are up-to-date for restore.
  AeroLink.Domain -> C:\Sean Project\RMT-1040-worktree\product\src\AeroLink.Domain\bin\Debug\net10.0\AeroLink.Domain.dll
  AeroLink.ConnectorProtocol -> C:\Sean Project\RMT-1040-worktree\product\src\AeroLink.ConnectorProtocol\bin\Debug\net10.0\AeroLink.ConnectorProtocol.dll
  AeroLink.DocumentSecurity -> C:\Sean Project\RMT-1040-worktree\product\src\AeroLink.DocumentSecurity\bin\Debug\net10.0\AeroLink.DocumentSecurity.dll
  AeroLink.Infrastructure -> C:\Sean Project\RMT-1040-worktree\product\src\AeroLink.Infrastructure\bin\Debug\net10.0\AeroLink.Infrastructure.dll
  AeroLink.Api -> C:\Sean Project\RMT-1040-worktree\product\src\AeroLink.Api\bin\Debug\net10.0\AeroLink.Api.dll
C:\Sean Project\RMT-1040-worktree\product\tests\AeroLink.Api.Tests\ArtifactThreadApiTests.cs(260,9): warning CS8631: The type 'string?' cannot be used as type parameter 'T' in the generic type or method 'Assert.Equal<T>(ReadOnlySpan<T>, T[])'. Nullability of type argument 'string?' doesn't match constraint type 'System.IEquatable<string?>'. [C:\Sean Project\RMT-1040-worktree\product\tests\AeroLink.Api.Tests\AeroLink.Api.Tests.csproj]
C:\Sean Project\RMT-1040-worktree\product\tests\AeroLink.Api.Tests\ArtifactThreadApiTests.cs(392,9): warning CS8631: The type 'string?' cannot be used as type parameter 'T' in the generic type or method 'Assert.Equal<T>(ReadOnlySpan<T>, T[])'. Nullability of type argument 'string?' doesn't match constraint type 'System.IEquatable<string?>'. [C:\Sean Project\RMT-1040-worktree\product\tests\AeroLink.Api.Tests\AeroLink.Api.Tests.csproj]
C:\Sean Project\RMT-1040-worktree\product\tests\AeroLink.Api.Tests\ApprovalConfigurationApiTests.cs(241,9): warning CS8631: The type 'string?' cannot be used as type parameter 'T' in the generic type or method 'Assert.Equal<T>(ReadOnlySpan<T>, T[])'. Nullability of type argument 'string?' doesn't match constraint type 'System.IEquatable<string?>'. [C:\Sean Project\RMT-1040-worktree\product\tests\AeroLink.Api.Tests\AeroLink.Api.Tests.csproj]
C:\Sean Project\RMT-1040-worktree\product\tests\AeroLink.Api.Tests\ArtifactThreadApiTests.cs(672,9): warning CS8631: The type 'string?' cannot be used as type parameter 'T' in the generic type or method 'Assert.Equal<T>(ReadOnlySpan<T>, T[])'. Nullability of type argument 'string?' doesn't match constraint type 'System.IEquatable<string?>'. [C:\Sean Project\RMT-1040-worktree\product\tests\AeroLink.Api.Tests\AeroLink.Api.Tests.csproj]
C:\Sean Project\RMT-1040-worktree\product\tests\AeroLink.Api.Tests\WorkflowAuthorityCutoverApiTests.cs(401,48): warning CS8604: Possible null reference argument for parameter 'value' in 'ReviewStageKind Enum.Parse<ReviewStageKind>(string value)'. [C:\Sean Project\RMT-1040-worktree\product\tests\AeroLink.Api.Tests\AeroLink.Api.Tests.csproj]
C:\Sean Project\RMT-1040-worktree\product\tests\AeroLink.Api.Tests\ProjectConfigurationApiTests.cs(163,9): warning CS8631: The type 'string?' cannot be used as type parameter 'T' in the generic type or method 'Assert.Equal<T>(ReadOnlySpan<T>, T[])'. Nullability of type argument 'string?' doesn't match constraint type 'System.IEquatable<string?>'. [C:\Sean Project\RMT-1040-worktree\product\tests\AeroLink.Api.Tests\AeroLink.Api.Tests.csproj]
C:\Sean Project\RMT-1040-worktree\product\tests\AeroLink.Api.Tests\ProjectConfigurationApiTests.cs(212,9): warning CS8631: The type 'string?' cannot be used as type parameter 'T' in the generic type or method 'Assert.Equal<T>(ReadOnlySpan<T>, T[])'. Nullability of type argument 'string?' doesn't match constraint type 'System.IEquatable<string?>'. [C:\Sean Project\RMT-1040-worktree\product\tests\AeroLink.Api.Tests\AeroLink.Api.Tests.csproj]
C:\Sean Project\RMT-1040-worktree\product\tests\AeroLink.Api.Tests\ProcedureManifestEffectivityApiTests.cs(233,29): warning xUnit2031: Do not use a Where clause to filter before calling Assert.Single. Use the overload of Assert.Single that accepts a filtering function. (https://xunit.net/xunit.analyzers/rules/xUnit2031) [C:\Sean Project\RMT-1040-worktree\product\tests\AeroLink.Api.Tests\AeroLink.Api.Tests.csproj]
C:\Sean Project\RMT-1040-worktree\product\tests\AeroLink.Api.Tests\RebaseRequirementChangeTests.cs(149,21): warning xUnit2031: Do not use a Where clause to filter before calling Assert.Single. Use the overload of Assert.Single that accepts a filtering function. (https://xunit.net/xunit.analyzers/rules/xUnit2031) [C:\Sean Project\RMT-1040-worktree\product\tests\AeroLink.Api.Tests\AeroLink.Api.Tests.csproj]
  AeroLink.Api.Tests -> C:\Sean Project\RMT-1040-worktree\product\tests\AeroLink.Api.Tests\bin\Debug\net10.0\AeroLink.Api.Tests.dll
Test run for C:\Sean Project\RMT-1040-worktree\product\tests\AeroLink.Api.Tests\bin\Debug\net10.0\AeroLink.Api.Tests.dll (.NETCoreApp,Version=v10.0)
A total of 1 test files matched the specified pattern.
C:\Sean Project\RMT-1040-worktree\product\tests\AeroLink.Api.Tests\bin\Debug\net10.0\AeroLink.Api.Tests.dll
[xUnit.net 00:00:00.00] xUnit.net VSTest Adapter v3.1.4+50e68bbb8b (64-bit .NET 10.0.9)
[xUnit.net 00:00:00.15]   Discovering: AeroLink.Api.Tests
[xUnit.net 00:00:00.26]   Discovered:  AeroLink.Api.Tests
[xUnit.net 00:00:00.28]   Starting:    AeroLink.Api.Tests
warn: Microsoft.EntityFrameworkCore.Query[20504]
      Compiling a query which loads related collections for more than one collection navigation, either via 'Include' or through projection, but no 'QuerySplittingBehavior' has been configured. By default, Entity Framework will use 'QuerySplittingBehavior.SingleQuery', which can potentially result in slow query performance. See https://go.microsoft.com/fwlink/?linkid=2134277 for more information. To identify the query that's triggering this warning call 'ConfigureWarnings(w => w.Throw(RelationalEventId.MultipleCollectionIncludeWarning))'.
warn: Microsoft.EntityFrameworkCore.Query[20504]
      Compiling a query which loads related collections for more than one collection navigation, either via 'Include' or through projection, but no 'QuerySplittingBehavior' has been configured. By default, Entity Framework will use 'QuerySplittingBehavior.SingleQuery', which can potentially result in slow query performance. See https://go.microsoft.com/fwlink/?linkid=2134277 for more information. To identify the query that's triggering this warning call 'ConfigureWarnings(w => w.Throw(RelationalEventId.MultipleCollectionIncludeWarning))'.
warn: Microsoft.EntityFrameworkCore.Query[20504]
      Compiling a query which loads related collections for more than one collection navigation, either via 'Include' or through projection, but no 'QuerySplittingBehavior' has been configured. By default, Entity Framework will use 'QuerySplittingBehavior.SingleQuery', which can potentially result in slow query performance. See https://go.microsoft.com/fwlink/?linkid=2134277 for more information. To identify the query that's triggering this warning call 'ConfigureWarnings(w => w.Throw(RelationalEventId.MultipleCollectionIncludeWarning))'.
PROBE pageOne={"pageSize":2,"hasMore":true,"nextCursor":"eyJWZXJzaW9uIjoxLCJTY29wZSI6Imxpbmstb3B0aW9ucyIsIkZpbHRlcktleSI6IjgxMWQ0YTk5OTIxNzFhNTQ1NDRhNjQ3ZTVlNThkZDM3YTBkMTJhNDliMGFmZmIwMDczNGE2NTZkNWJlNmNkOTciLCJTbmFwc2hvdEF0IjoiMjAyNi0wOS0yMVQxMDoyMzowNC4yMDE2NDQ1KzAwOjAwIiwiVmFsdWUiOiIwfFNXLTAxLjUwfDEuNSE5MjhiZDM3NC04ZGVjLTRkYjktYjViZi02Nzc3OTExOTYwNmYiLCJUaWVCcmVha2VyIjoiMCJ9","items":[{"id":"07934342-7723-4eb7-a156-c0b35158173b","displayNumber":"BUILD-1.0","title":"Build 1.0","secondary":"Released","relationships":["RelatedBuild","AppliesToMilestone"]},{"id":"928bd374-8dec-4db9-b5bf-67779119606f","displayNumber":"BUILD-1.5","title":"Build 1.5","secondary":"In work","relationships":["RelatedBuild","AppliesToMilestone"]}]}
PROBE committedAfterPageOne beforeCursorId=21db1215-4847-48c9-98ca-78eded3f603c afterCursorId=2ac6f90d-1476-4b04-a9a2-e2c3d9678e79
PROBE pageTwo={"pageSize":2,"hasMore":false,"nextCursor":null,"items":[{"id":"00d55ea8-3fa9-4888-b519-12a6b2d820b6","displayNumber":"BUILD-2.0","title":"Build 2.0","secondary":"Released","relationships":["RelatedBuild","AppliesToMilestone"]},{"id":"2ac6f90d-1476-4b04-a9a2-e2c3d9678e79","displayNumber":"BUILD-9.9","title":"Build 9.9","secondary":"In work","relationships":["RelatedBuild","AppliesToMilestone"]}]}
PROBE freshTraversal={"pageSize":50,"hasMore":false,"nextCursor":null,"items":[{"id":"07934342-7723-4eb7-a156-c0b35158173b","displayNumber":"BUILD-1.0","title":"Build 1.0","secondary":"Released","relationships":["RelatedBuild","AppliesToMilestone"]},{"id":"21db1215-4847-48c9-98ca-78eded3f603c","displayNumber":"BUILD-1.2","title":"Build 1.2","secondary":"In work","relationships":["RelatedBuild","AppliesToMilestone"]},{"id":"928bd374-8dec-4db9-b5bf-67779119606f","displayNumber":"BUILD-1.5","title":"Build 1.5","secondary":"In work","relationships":["RelatedBuild","AppliesToMilestone"]},{"id":"00d55ea8-3fa9-4888-b519-12a6b2d820b6","displayNumber":"BUILD-2.0","title":"Build 2.0","secondary":"Released","relationships":["RelatedBuild","AppliesToMilestone"]},{"id":"2ac6f90d-1476-4b04-a9a2-e2c3d9678e79","displayNumber":"BUILD-9.9","title":"Build 9.9","secondary":"In work","relationships":["RelatedBuild","AppliesToMilestone"]}]}
[xUnit.net 00:00:16.09]   Finished:    AeroLink.Api.Tests
  Passed AeroLink.Api.Tests.RmT1040PickerBaselineProbeTests.Build_committed_after_page_one_leaks_into_the_release_continuation [15 s]

Test Run Successful.
Total tests: 1
     Passed: 1
 Total time: 16.5344 Seconds
